// Jest Snapshot v1, https://goo.gl/fbAQLP

exports[`UserDashboard test cases should match snapshot 1`] = `
<main
  className="MuiContainer-root makeStyles-container-1 MuiContainer-maxWidthLg"
>
  <h1
    className="MuiTypography-root MuiTypography-h5"
  >
    Welcome to user dashboard
  </h1>
</main>
`;
